
> cursed-itsm-board@0.1.0 test
> react-scripts test --coverage

FAIL src/App.test.tsx
  ✕ renders react link (58 ms)

  ● renders react link

    TestingLibraryElementError: Unable to find an element with the text: /learn react/i. This could be because the text is broken up by multiple elements. In this case, you can provide a function for your text matcher to make your matcher more flexible.

    Ignored nodes: comments, script, style
    [36m<body>[39m
      [36m<div>[39m
        [36m<div[39m
          [33mclass[39m=[32m"App"[39m
        [36m>[39m
          [36m<header[39m
            [33mclass[39m=[32m"App-header"[39m
          [36m>[39m
            [36m<img[39m
              [33malt[39m=[32m"logo"[39m
              [33mclass[39m=[32m"App-logo"[39m
              [33msrc[39m=[32m"logo.svg"[39m
            [36m/>[39m
            [36m<div>[39m
              [36m<h1>[39m
                [0mTeam 3[0m
              [36m</h1>[39m
              [36m<h4>[39m
                [0mGalen Nare[0m
              [36m</h4>[39m
              [36m<h4>[39m
                [0mMichael Arocho[0m
              [36m</h4>[39m
              [36m<h4>[39m
                [0mSolenn Gacon[0m
              [36m</h4>[39m
              [36m<h4>[39m
                [0mNicholas DiGirolamo[0m
              [36m</h4>[39m
              [36m<h4>[39m
                [0mAndrew Roberts[0m
              [36m</h4>[39m
              [36m<h4>[39m
                [0mAlexandra Croce[0m
              [36m</h4>[39m
            [36m</div>[39m
          [36m</header>[39m
        [36m</div>[39m
      [36m</div>[39m
    [36m</body>[39m

       5 | test("renders react link", () => {
       6 |     render(<App />);
    >  7 |     const linkElement = screen.getByText(/learn react/i);
         |                                ^
       8 |     expect(linkElement).toBeInTheDocument();
       9 | });
      10 |

      at Object.getElementError (node_modules/@testing-library/react/node_modules/@testing-library/dom/dist/config.js:37:19)
      at node_modules/@testing-library/react/node_modules/@testing-library/dom/dist/query-helpers.js:76:38
      at node_modules/@testing-library/react/node_modules/@testing-library/dom/dist/query-helpers.js:52:17
      at getByText (node_modules/@testing-library/react/node_modules/@testing-library/dom/dist/query-helpers.js:95:19)
      at Object.<anonymous> (src/App.test.tsx:7:32)
      at TestScheduler.scheduleTests (node_modules/@jest/core/build/TestScheduler.js:333:13)
      at runJest (node_modules/@jest/core/build/runJest.js:404:19)
      at _run10000 (node_modules/@jest/core/build/cli/index.js:320:7)
      at runCLI (node_modules/@jest/core/build/cli/index.js:173:3)

----------|---------|----------|---------|---------|-------------------
File      | % Stmts | % Branch | % Funcs | % Lines | Uncovered Line #s 
----------|---------|----------|---------|---------|-------------------
All files |     100 |      100 |     100 |     100 |                   
 App.tsx  |     100 |      100 |     100 |     100 |                   
----------|---------|----------|---------|---------|-------------------
Test Suites: 1 failed, 1 total
Tests:       1 failed, 1 total
Snapshots:   0 total
Time:        2.261 s
Ran all test suites.
